Dump	
Dump	All services are available
Dump	
Dump	$["whatever":1]
Dump	$[1:"whatever"]
Dump	
Dump	All services are marked as deleted
Dump	
Dump	$[]
Dump	$[]
