Dump	
Dump	CreateTableData()
Dump	
Return	[`item (`id ("whatever"), "", "On", "finger", "stream", "tcp", "no", "nobody", "/usr/sbin/tcpd", "in.fingerd -w"), `item (`id ("NI1"), "", "On", "admind", "stream", "tcp", "no", "root", "/usr/sbin/admind", ""), `item (`id ("NI2"), "", "---", "amanda", "dgram", "udp", "yes", "amanda.disk", "/usr/lib/amanda/amandad", ""), `item (`id ("NI3"), "", "---", "amandaidx", "stream", "tcp", "no", "amanda.disk", "/usr/lib/amanda/amindexd", ""), `item (`id ("NI4"), "", "---", "amidxtape", "stream", "tcp", "no", "amanda.disk", "/usr/lib/amanda/amidxtaped", ""), `item (`id ("NI5"), "", "---", "bootps", "dgram", "udp", "yes", "root.root", "/usr/sbin/bootpd", "-c /tftpboot"), `item (`id ("NI6"), "", "---", "chargen", "stream", "tcp", "no", "root", "", ""), `item (`id ("NI7"), "", "---", "chargen", "dgram", "udp", "yes", "root", "", ""), `item (`id ("NI8"), "", "---", "printer", "stream", "tcp", "no", "lp", "/usr/lib/cups/daemon/cups-lpd", "cups-lpd -o document-format=application/octet-stream"), `item (`id ("NI9"), "", "---", "cvspserver", "stream", "tcp", "no", "root", "/usr/bin/cvs", "-f --allow-root=/home/cvsroot pserver"), `item (`id ("NI10"), "", "---", "daytime", "stream", "tcp", "no", "root", "", ""), `item (`id ("NI11"), "", "---", "daytime", "dgram", "udp", "yes", "root", "", ""), `item (`id ("NI12"), "", "---", "echo", "stream", "tcp", "no", "root", "", ""), `item (`id ("NI13"), "", "---", "echo", "dgram", "udp", "yes", "root", "", ""), `item (`id ("NI14"), "", "---", "fam/2", "stream", "tcp", "yes", ".nobody", "/usr/sbin/fam", ""), `item (`id ("NI15"), "", "---", "vboxd", "stream", "tcp", "no", "root", "/usr/sbin/vboxd", ""), `item (`id ("NI16"), "", "---", "pop2", "stream", "tcp", "no", "root", "/usr/sbin/ipop2d", ""), `item (`id ("NI17"), "", "---", "pop3", "stream", "tcp", "no", "root", "/usr/sbin/ipop3d", ""), `item (`id ("NI18"), "", "---", "pop3s", "stream", "tcp", "no", "root", "/usr/sbin/ipop3d", ""), `item (`id ("NI19"), "", "---", "imap", "stream", "tcp", "no", "root", "/usr/sbin/imapd", ""), `item (`id ("NI20"), "", "---", "imaps", "stream", "tcp", "no", "root", "/usr/sbin/imapd", ""), `item (`id ("NI21"), "", "---", "klogin", "stream", "", "no", "root", "/usr/sbin/klogind", "-5"), `item (`id ("NI22"), "", "---", "kshell", "stream", "", "no", "root", "/usr/sbin/kshd", "-e -5"), `item (`id ("NI23"), "", "---", "telnet", "stream", "", "no", "root", "/usr/sbin/telnetd", ""), `item (`id ("NI24"), "", "---", "nntp", "stream", "tcp", "no", "news", "/usr/sbin/leafnode", ""), `item (`id ("NI25"), "", "---", "9991", "stream", "", "no", "nobody.nogroup", "/usr/bin/nrpe", "-c /etc/nagios/nrpe.cfg --inetd"), `item (`id ("NI26"), "", "---", "netstat", "stream", "tcp", "no", "root", "/bin/netstat", "-a"), `item (`id ("NI27"), "", "---", "ntalk", "dgram", "udp", "yes", "root.root", "/usr/sbin/in.talkd", ""), `item (`id ("NI28"), "", "---", "ident", "stream", "tcp", "no", "root", "/usr/sbin/in.identd", "-i -t120"), `item (`id ("NI29"), "", "---", "ftp", "stream", "tcp", "no", "root", "/usr/sbin/pure-ftpd", ""), `item (`id ("NI30"), "", "---", "pop3", "stream", "tcp", "no", "root", "/usr/sbin/popper", "-s"), `item (`id ("NI31"), "", "---", "exec", "stream", "tcp", "no", "root.root", "/usr/sbin/tcpd", "/usr/sbin/in.rexecd"), `item (`id ("NI32"), "", "---", "login", "stream", "tcp", "no", "root.root", "/usr/sbin/tcpd", "/usr/sbin/in.rlogind"), `item (`id ("NI33"), "", "---", "http-rman", "stream", "tcp", "no", "nobody", "/usr/sbin/http-rman", ""), `item (`id ("NI34"), "", "---", "shell", "stream", "tcp", "no", "root.root", "/usr/sbin/tcpd", "/usr/sbin/in.rshd -aL"), `item (`id ("NI35"), "", "---", "rsync", "stream", "tcp", "no", "root", "/usr/sbin/rsyncd", "--daemon"), `item (`id ("NI36"), "", "---", "sane-port", "stream", "", "no", "root.root", "/usr/sbin/saned", ""), `item (`id ("NI37"), "", "---", "servers", "stream", "tcp", "no", "", "", ""), `item (`id ("NI38"), "", "---", "services", "stream", "tcp", "no", "", "", ""), `item (`id ("NI39"), "", "---", "smtpd", "stream", "tcp", "no", "root.root", "/usr/sbin/smtpd", ""), `item (`id ("NI40"), "", "---", "swat", "stream", "tcp", "no", "root", "/usr/sbin/swat", ""), `item (`id ("NI41"), "", "---", "systat", "stream", "tcp", "no", "nobody", "/bin/ps", "-auwwx"), `item (`id ("NI42"), "", "---", "talk", "dgram", "udp", "yes", "root.root", "/usr/sbin/in.talkd", ""), `item (`id ("NI43"), "", "---", "telnet", "stream", "tcp", "no", "root", "/usr/sbin/in.telnetd", ""), `item (`id ("NI44"), "", "---", "tftp", "dgram", "udp", "yes", "root", "/usr/sbin/in.tftpd", "-s /tftpboot"), `item (`id ("NI45"), "", "---", "time", "stream", "tcp", "no", "root", "", ""), `item (`id ("NI46"), "", "---", "time", "dgram", "udp", "yes", "root", "", ""), `item (`id ("NI47"), "", "---", "uucp", "stream", "tcp", "no", "uucp", "/usr/lib/uucp/uucico", "-l"), `item (`id ("NI48"), "", "---", "vnc1", "stream", "tcp", "no", "nobody", "/usr/X11R6/bin/Xvnc", ":42 -inetd -once -query localhost -geometry 1024x768 -depth 16"), `item (`id ("NI49"), "", "---", "vnc2", "stream", "tcp", "no", "nobody", "/usr/X11R6/bin/Xvnc", ":42 -inetd -once -query localhost -geometry 1280x1024 -depth 16"), `item (`id ("NI50"), "", "---", "vnc3", "stream", "tcp", "no", "nobody", "/usr/X11R6/bin/Xvnc", ":42 -inetd -once -query localhost -geometry 1600x1200 -depth 16"), `item (`id ("NI51"), "", "---", "vnchttpd1", "stream", "tcp", "no", "nobody", "/usr/X11R6/bin/vnc_inetd_httpd", "1024 768 5901"), `item (`id ("NI52"), "", "---", "vnchttpd2", "stream", "tcp", "no", "nobody", "/usr/X11R6/bin/vnc_inetd_httpd", "1280 1024 5902"), `item (`id ("NI53"), "", "---", "vnchttpd3", "stream", "tcp", "no", "nobody", "/usr/X11R6/bin/vnc_inetd_httpd", "1600 1200 5903"), `item (`id ("NI54"), "", "---", "ftp", "stream", "tcp", "no", "root", "/usr/sbin/vsftpd", "")]
Dump	
Dump	  ---
Dump	
Dump	
Dump	Almost all services are enabled
Dump	
Dump	`yes
Dump	
Dump	Is any service enabled? (All services are disabled)
Dump	
Dump	`no
