Dump	
Dump	Checking Import()
Dump	
Dump	Import(EMPTY)
Read	.target.ycp "/var/tmp/yast2-inetd-2.11.4-build/usr/share/YaST2/data/default_conf_xinetd.ycp" nil
Return	true
Dump	nil
Dump	-1
Dump	Import(GARBAGE)
Read	.target.ycp "/var/tmp/yast2-inetd-2.11.4-build/usr/share/YaST2/data/default_conf_xinetd.ycp" nil
Return	true
Dump	nil
Dump	-1
Dump	Import(inetdOK)
Read	.target.ycp "/var/tmp/yast2-inetd-2.11.4-build/usr/share/YaST2/data/default_conf_xinetd.ycp" nil
Return	true
Dump	nil
Dump	-1
Dump	Import(xinetdOK)
Read	.target.ycp "/var/tmp/yast2-inetd-2.11.4-build/usr/share/YaST2/data/default_conf_xinetd.ycp" nil
Return	true
Dump	nil
Dump	-1
Dump	Calling Export()
Dump	$["last_created":0, "netd_conf":[], "netd_status":-1]
Dump	
Dump	  ---
Dump	
