Dump	
Dump	inetd is stopped and will be started
Dump	
Dump	
Dump	Read  --- read all services
Dump	
Read	.etc.xinetd_conf.services nil
Read	.target.ycp "/var/tmp/yast2-inetd-2.11.4-build/usr/share/YaST2/data/default_conf_xinetd.ycp" nil
Read	.init.scripts.exists "xinetd" true
Execute	.target.bash "/etc/init.d/xinetd status" $["TERM":"raw"] 0
Return	true
Dump	
Dump	Write --- write inetd
Dump	  inetd is installed and stopped
Dump	
Write	.etc.xinetd_conf.services nil true
Execute	.target.bash "/etc/init.d/xinetd force-reload" $["TERM":"raw"] 0
Return	true
Dump	
Dump	  ---
Dump	
Dump	
Dump	Read  --- read all services
Dump	
Read	.etc.xinetd_conf.services nil
Read	.target.ycp "/var/tmp/yast2-inetd-2.11.4-build/usr/share/YaST2/data/default_conf_xinetd.ycp" nil
Read	.init.scripts.exists "xinetd" true
Execute	.target.bash "/etc/init.d/xinetd status" $["TERM":"raw"] 0
Return	true
Dump	
Dump	Write --- write inetd
Write	.etc.xinetd_conf.services nil true
Execute	.target.bash "/etc/init.d/xinetd force-reload" $["TERM":"raw"] 0
Return	true
Dump	
Dump	  ---
Dump	
